---
source: tests/tui_smoke.rs
assertion_line: 23
expression: frame
---
"                                                                                                                        "
"                                                                                                                        "
"                                                                                                                        "
"                                                                                                                        "
"                                                                                                                        "
"                                                                                                                        "
"                                                                                                                        "
"                                                                                                                        "
"                                                                                                                        "
"                                                                                                                        "
"                                                                                                                        "
"                                                                                                                        "
"                                                                                                                        "
"                                                                                                                        "
"                                                                                                                        "
"                                    ╭────────────────── Starting ──────────────────╮                                    "
"                                    │                                              │                                    "
"                                    │                                              │                                    "
"                                    │                                              │                                    "
"                                    │ ⣷ Scanning library...                        │                                    "
"                                    │                                              │                                    "
"                                    │                                              │                                    "
"                                    │                                              │                                    "
"                                    │                                              │                                    "
"                                    ╰──────────────────────────────────────────────╯                                    "
"                                                                                                                        "
"                                                                                                                        "
"                                                                                                                        "
"                                                                                                                        "
"                                                                                                                        "
"                                                                                                                        "
"                                                                                                                        "
"                                                                                                                        "
"                                                                                                                        "
"                                                                                                                        "
"                                                                                                                        "
"                                                                                                                        "
"                                                                                                                        "
"                                                                                                                        "
"                                                                                                                        "
